#-----------------------------------------------------------
# Vivado v2021.1 (64-bit)
# SW Build 3247384 on Thu Jun 10 19:36:07 MDT 2021
# IP Build 3246043 on Fri Jun 11 00:30:35 MDT 2021
# Start of session at: Fri Sep 24 21:56:35 2021
# Process ID: 32120
# Current directory: /home/ltr/IdeaProjects/Chainsaw
# Command line: vivado /home/ltr/IdeaProjects/Chainsaw/synthWorkspace/temp/temp_synth.dcp
# Log file: /home/ltr/IdeaProjects/Chainsaw/vivado.log
# Journal file: /home/ltr/IdeaProjects/Chainsaw/vivado.jou
#-----------------------------------------------------------
start_gui
open_checkpoint /home/ltr/IdeaProjects/Chainsaw/synthWorkspace/temp/temp_synth.dcp
report_timing_summary -delay_type min_max -report_unconstrained -check_timing_verbose -max_paths 10 -input_pins -routable_nets -name timing_1
open_checkpoint /home/ltr/IdeaProjects/Chainsaw/synthWorkspace/TX400M/TX400M_synth.dcp
report_timing_summary -delay_type min_max -report_unconstrained -check_timing_verbose -max_paths 10 -input_pins -routable_nets -name timing_1
current_project project_temp_synth
close_project
open_checkpoint /home/ltr/IdeaProjects/Chainsaw/synthWorkspace/Convenc400MHz/Convenc400MHz_synth.dcp
open_checkpoint /home/ltr/IdeaProjects/Chainsaw/synthWorkspace/Inter400MHz/Inter400MHz_synth.dcp
current_project project_Convenc400MHz_synth
report_timing_summary -delay_type min_max -report_unconstrained -check_timing_verbose -max_paths 10 -input_pins -routable_nets -name timing_1
open_checkpoint /home/ltr/IdeaProjects/Chainsaw/synthWorkspace/IFFT400MHz/IFFT400MHz_synth.dcp
report_timing_summary -delay_type min_max -report_unconstrained -check_timing_verbose -max_paths 10 -input_pins -routable_nets -name timing_1
current_project project_Inter400MHz_synth
report_timing_summary -delay_type min_max -report_unconstrained -check_timing_verbose -max_paths 10 -input_pins -routable_nets -name timing_1
close_design
